[0/2] Re-checking globbed directories...
[1/129] Building C object src/SexyAppFramework/sound/SDL-Mixer-X/CMakeFiles/SDL2_mixer_ext_Static.dir/src/codecs/load_aiff.c.o
[2/129] Building C object src/SexyAppFramework/sound/SDL-Mixer-X/CMakeFiles/SDL2_mixer_ext_Static.dir/src/codecs/load_voc.c.o
[3/129] Building C object src/SexyAppFramework/sound/SDL-Mixer-X/CMakeFiles/SDL2_mixer_ext_Static.dir/src/codecs/music_wav.c.o
[4/129] Building C object src/SexyAppFramework/sound/SDL-Mixer-X/CMakeFiles/SDL2_mixer_ext_Static.dir/src/codecs/music_drmp3.c.o
[5/129] Building C object src/SexyAppFramework/sound/SDL-Mixer-X/CMakeFiles/SDL2_mixer_ext_Static.dir/src/codecs/music_openmpt.c.o
[6/129] Building C object src/SexyAppFramework/sound/SDL-Mixer-X/CMakeFiles/SDL2_mixer_ext_Static.dir/src/codecs/music_cmd.c.o
[7/129] Building C object src/SexyAppFramework/sound/SDL-Mixer-X/CMakeFiles/SDL2_mixer_ext_Static.dir/src/codecs/music_ogg_stb.c.o
[8/129] Building C object src/SexyAppFramework/sound/SDL-Mixer-X/CMakeFiles/SDL2_mixer_ext_Static.dir/src/effects_internal.c.o
[9/129] Building C object src/SexyAppFramework/sound/SDL-Mixer-X/CMakeFiles/SDL2_mixer_ext_Static.dir/src/effect_stereoreverse.c.o
[10/129] Building C object src/SexyAppFramework/sound/SDL-Mixer-X/CMakeFiles/SDL2_mixer_ext_Static.dir/src/effect_position.c.o
[11/129] Building C object src/SexyAppFramework/sound/SDL-Mixer-X/CMakeFiles/SDL2_mixer_ext_Static.dir/src/mixer.c.o
[12/129] Building C object src/SexyAppFramework/sound/SDL-Mixer-X/CMakeFiles/SDL2_mixer_ext_Static.dir/src/mixer_x_deprecated.c.o
[13/129] Building C object src/SexyAppFramework/sound/SDL-Mixer-X/CMakeFiles/SDL2_mixer_ext_Static.dir/src/utils.c.o
[14/129] Building C object src/SexyAppFramework/sound/SDL-Mixer-X/CMakeFiles/SDL2_mixer_ext_Static.dir/src/music.c.o
[15/129] Building C object src/SexyAppFramework/sound/SDL-Mixer-X/CMakeFiles/SDL2_mixer_ext_Static.dir/src/codecs/mp3utils.c.o
[16/129] Building CXX object CMakeFiles/pvz-portable.dir/src/Lawn/Challenge.cpp.o
[17/129] Building CXX object CMakeFiles/pvz-portable.dir/src/Lawn/Coin.cpp.o
[18/129] Building CXX object CMakeFiles/pvz-portable.dir/src/Lawn/Board.cpp.o
[19/129] Building CXX object CMakeFiles/pvz-portable.dir/src/Lawn/CursorObject.cpp.o
[20/129] Building CXX object CMakeFiles/pvz-portable.dir/src/Lawn/GameObject.cpp.o
[21/129] Building CXX object CMakeFiles/pvz-portable.dir/src/Lawn/CutScene.cpp.o
[22/129] Building CXX object CMakeFiles/pvz-portable.dir/src/Lawn/GridItem.cpp.o
[23/129] Building CXX object CMakeFiles/pvz-portable.dir/src/Lawn/LawnCommon.cpp.o
[24/129] Building CXX object CMakeFiles/pvz-portable.dir/src/Lawn/LawnMower.cpp.o
[25/129] Building CXX object CMakeFiles/pvz-portable.dir/src/Lawn/MessageWidget.cpp.o
[26/129] Building CXX object CMakeFiles/pvz-portable.dir/src/Lawn/Projectile.cpp.o
[27/129] Building CXX object CMakeFiles/pvz-portable.dir/src/Lawn/Plant.cpp.o
[28/129] Building CXX object CMakeFiles/pvz-portable.dir/src/Lawn/System/DataSync.cpp.o
[29/129] Building CXX object CMakeFiles/pvz-portable.dir/src/Lawn/SeedPacket.cpp.o
[30/129] Building CXX object CMakeFiles/pvz-portable.dir/src/Lawn/System/Music.cpp.o
[31/129] Building CXX object CMakeFiles/pvz-portable.dir/src/Lawn/System/PlayerInfo.cpp.o
[32/129] Building CXX object CMakeFiles/pvz-portable.dir/src/Lawn/System/ProfileMgr.cpp.o
[33/129] Building CXX object CMakeFiles/pvz-portable.dir/src/Lawn/System/PoolEffect.cpp.o
[34/129] Building CXX object CMakeFiles/pvz-portable.dir/src/Lawn/System/ReanimationLawn.cpp.o
[35/129] Building CXX object CMakeFiles/pvz-portable.dir/src/Lawn/System/TypingCheck.cpp.o
[36/129] Building CXX object CMakeFiles/pvz-portable.dir/src/Lawn/System/Zombatar.cpp.o
[37/129] Building CXX object CMakeFiles/pvz-portable.dir/src/Lawn/ToolTipWidget.cpp.o
[38/129] Building CXX object CMakeFiles/pvz-portable.dir/src/Lawn/System/SaveGame.cpp.o
[39/129] Building CXX object CMakeFiles/pvz-portable.dir/src/Lawn/Widget/AchievementsScreen.cpp.o
[40/129] Building CXX object CMakeFiles/pvz-portable.dir/src/Lawn/Widget/AwardScreen.cpp.o
[41/129] Building CXX object CMakeFiles/pvz-portable.dir/src/Lawn/Widget/AlmanacDialog.cpp.o
[42/129] Building CXX object CMakeFiles/pvz-portable.dir/src/Lawn/Widget/ChallengeScreen.cpp.o
[43/129] Building CXX object CMakeFiles/pvz-portable.dir/src/Lawn/Widget/CheatDialog.cpp.o
[44/129] Building CXX object CMakeFiles/pvz-portable.dir/src/Lawn/Widget/ContinueDialog.cpp.o
[45/129] Building CXX object CMakeFiles/pvz-portable.dir/src/Lawn/Widget/GameButton.cpp.o
[46/129] Building CXX object CMakeFiles/pvz-portable.dir/src/Lawn/Widget/CreditScreen.cpp.o
[47/129] Building CXX object CMakeFiles/pvz-portable.dir/src/Lawn/Widget/ImitaterDialog.cpp.o
[48/129] Building CXX object CMakeFiles/pvz-portable.dir/src/Lawn/Widget/GameSelector.cpp.o
[49/129] Building CXX object CMakeFiles/pvz-portable.dir/src/Lawn/Widget/LawnDialog.cpp.o
[50/129] Building CXX object CMakeFiles/pvz-portable.dir/src/Lawn/Widget/NewOptionsDialog.cpp.o
[51/129] Building CXX object CMakeFiles/pvz-portable.dir/src/Lawn/Widget/NewUserDialog.cpp.o
[52/129] Building CXX object CMakeFiles/pvz-portable.dir/src/Lawn/Widget/SeedChooserScreen.cpp.o
[53/129] Building CXX object CMakeFiles/pvz-portable.dir/src/Lawn/Widget/StoreScreen.cpp.o
[54/129] Building CXX object CMakeFiles/pvz-portable.dir/src/Lawn/Widget/TitleScreen.cpp.o
[55/129] Building CXX object CMakeFiles/pvz-portable.dir/src/Lawn/Widget/UserDialog.cpp.o
[56/129] Building CXX object CMakeFiles/pvz-portable.dir/src/Lawn/Widget/ZombatarTOS.cpp.o
[57/129] Building CXX object CMakeFiles/pvz-portable.dir/src/Lawn/Widget/ZombatarWidget.cpp.o
[58/129] Building CXX object CMakeFiles/pvz-portable.dir/src/Lawn/ZenGarden.cpp.o
[59/129] Building CXX object CMakeFiles/pvz-portable.dir/src/Lawn/Zombie.cpp.o
[60/129] Building CXX object CMakeFiles/pvz-portable.dir/src/LawnApp.cpp.o
[61/129] Building CXX object CMakeFiles/pvz-portable.dir/src/PvzpLib/Attachment.cpp.o
[62/129] Building CXX object CMakeFiles/pvz-portable.dir/src/PvzpLib/Definition.cpp.o
[63/129] Building CXX object CMakeFiles/pvz-portable.dir/src/PvzpLib/FilterEffect.cpp.o
[64/129] Building CXX object CMakeFiles/pvz-portable.dir/src/PvzpLib/PvzpCommon.cpp.o
[65/129] Building CXX object CMakeFiles/pvz-portable.dir/src/PvzpLib/PvzpDebug.cpp.o
[66/129] Building CXX object CMakeFiles/pvz-portable.dir/src/PvzpLib/PvzpFoley.cpp.o
[67/129] Building CXX object CMakeFiles/pvz-portable.dir/src/PvzpLib/PvzpList.cpp.o
[68/129] Building CXX object CMakeFiles/pvz-portable.dir/src/PvzpLib/EffectSystem.cpp.o
[69/129] Building CXX object CMakeFiles/pvz-portable.dir/src/PvzpLib/PvzpParticle.cpp.o
[70/129] Building CXX object CMakeFiles/pvz-portable.dir/src/PvzpLib/ReanimAtlas.cpp.o
[71/129] Building CXX object CMakeFiles/pvz-portable.dir/src/PvzpLib/PvzpStringFile.cpp.o
[72/129] Building CXX object CMakeFiles/pvz-portable.dir/src/PvzpLib/Reanimator.cpp.o
[73/129] Building CXX object CMakeFiles/pvz-portable.dir/src/PvzpLib/Trail.cpp.o
[74/129] Building CXX object CMakeFiles/pvz-portable.dir/src/SexyAppFramework/Common.cpp.o
[75/129] Building CXX object CMakeFiles/pvz-portable.dir/src/Resources.cpp.o
[76/129] Building CXX object CMakeFiles/pvz-portable.dir/src/SexyAppFramework/SexyApp.cpp.o
[77/129] Building C object CMakeFiles/pvz-portable.dir/src/SexyAppFramework/fcaseopen/fcaseopen.c.o
[78/129] Building CXX object CMakeFiles/pvz-portable.dir/src/SexyAppFramework/graphics/Color.cpp.o
[79/129] Building CXX object CMakeFiles/pvz-portable.dir/src/SexyAppFramework/graphics/Font.cpp.o
[80/129] Building CXX object CMakeFiles/pvz-portable.dir/src/SexyAppFramework/graphics/GLImage.cpp.o
[81/129] Building CXX object CMakeFiles/pvz-portable.dir/src/SexyAppFramework/SexyAppBase.cpp.o
[82/129] Building CXX object CMakeFiles/pvz-portable.dir/src/SexyAppFramework/graphics/Graphics.cpp.o
[83/129] Building CXX object CMakeFiles/pvz-portable.dir/src/SexyAppFramework/graphics/Image.cpp.o
[84/129] Building CXX object CMakeFiles/pvz-portable.dir/src/SexyAppFramework/graphics/GLInterface.cpp.o
[85/129] Building CXX object CMakeFiles/pvz-portable.dir/src/SexyAppFramework/graphics/ImageFont.cpp.o
[86/129] Building CXX object CMakeFiles/pvz-portable.dir/src/SexyAppFramework/graphics/NativeDisplay.cpp.o
[87/129] Building CXX object CMakeFiles/pvz-portable.dir/src/SexyAppFramework/graphics/Quantize.cpp.o
[88/129] Building CXX object CMakeFiles/pvz-portable.dir/src/SexyAppFramework/graphics/MemoryImage.cpp.o
[89/129] Building CXX object CMakeFiles/pvz-portable.dir/src/SexyAppFramework/graphics/SharedImage.cpp.o
[90/129] Building CXX object CMakeFiles/pvz-portable.dir/src/SexyAppFramework/imagelib/ImageLib.cpp.o
[91/129] Building CXX object CMakeFiles/pvz-portable.dir/src/SexyAppFramework/misc/Buffer.cpp.o
[92/129] Building CXX object CMakeFiles/pvz-portable.dir/src/SexyAppFramework/misc/Debug.cpp.o
[93/129] Building CXX object CMakeFiles/pvz-portable.dir/src/SexyAppFramework/misc/DescParser.cpp.o
[94/129] Building CXX object CMakeFiles/pvz-portable.dir/src/SexyAppFramework/misc/Flags.cpp.o
[95/129] Building CXX object CMakeFiles/pvz-portable.dir/src/SexyAppFramework/graphics/SWTri.cpp.o
[96/129] Building CXX object CMakeFiles/pvz-portable.dir/src/SexyAppFramework/misc/MTRand.cpp.o
[97/129] Building CXX object CMakeFiles/pvz-portable.dir/src/SexyAppFramework/misc/KeyCodes.cpp.o
[98/129] Building CXX object CMakeFiles/pvz-portable.dir/src/SexyAppFramework/misc/PropertiesParser.cpp.o
[99/129] Building CXX object CMakeFiles/pvz-portable.dir/src/SexyAppFramework/misc/Ratio.cpp.o
[100/129] Building CXX object CMakeFiles/pvz-portable.dir/src/SexyAppFramework/misc/PerfTimer.cpp.o
[101/129] Building CXX object CMakeFiles/pvz-portable.dir/src/SexyAppFramework/misc/RegEmu.cpp.o
[102/129] Building CXX object CMakeFiles/pvz-portable.dir/src/SexyAppFramework/misc/SexyMatrix.cpp.o
[103/129] Building CXX object CMakeFiles/pvz-portable.dir/src/SexyAppFramework/misc/ResourceManager.cpp.o
[104/129] Building CXX object CMakeFiles/pvz-portable.dir/src/SexyAppFramework/misc/XMLParser.cpp.o
[105/129] Building CXX object CMakeFiles/pvz-portable.dir/src/SexyAppFramework/paklib/PakInterface.cpp.o
[106/129] Building CXX object CMakeFiles/pvz-portable.dir/src/SexyAppFramework/sound/SDLMusicInterface.cpp.o
[107/129] Building CXX object CMakeFiles/pvz-portable.dir/src/SexyAppFramework/sound/SDLSoundInstance.cpp.o
[108/129] Building CXX object CMakeFiles/pvz-portable.dir/src/SexyAppFramework/widget/ButtonWidget.cpp.o
[109/129] Building CXX object CMakeFiles/pvz-portable.dir/src/SexyAppFramework/widget/Checkbox.cpp.o
[110/129] Building CXX object CMakeFiles/pvz-portable.dir/src/SexyAppFramework/sound/SDLSoundManager.cpp.o
[111/129] Building CXX object CMakeFiles/pvz-portable.dir/src/SexyAppFramework/widget/Dialog.cpp.o
[112/129] Building CXX object CMakeFiles/pvz-portable.dir/src/SexyAppFramework/widget/DialogButton.cpp.o
[113/129] Building CXX object CMakeFiles/pvz-portable.dir/src/SexyAppFramework/widget/EditWidget.cpp.o
[114/129] Building CXX object CMakeFiles/pvz-portable.dir/src/SexyAppFramework/widget/HyperlinkWidget.cpp.o
[115/129] Building CXX object CMakeFiles/pvz-portable.dir/src/SexyAppFramework/widget/Insets.cpp.o
[116/129] Building CXX object CMakeFiles/pvz-portable.dir/src/SexyAppFramework/widget/ScrollbarWidget.cpp.o
[117/129] Building CXX object CMakeFiles/pvz-portable.dir/src/SexyAppFramework/widget/ListWidget.cpp.o
[118/129] Building CXX object CMakeFiles/pvz-portable.dir/src/SexyAppFramework/widget/ScrollbuttonWidget.cpp.o
[119/129] Building CXX object CMakeFiles/pvz-portable.dir/src/SexyAppFramework/widget/Slider.cpp.o
[120/129] Building CXX object CMakeFiles/pvz-portable.dir/src/SexyAppFramework/widget/TextWidget.cpp.o
[121/129] Building CXX object CMakeFiles/pvz-portable.dir/src/SexyAppFramework/widget/Widget.cpp.o
[122/129] Building CXX object CMakeFiles/pvz-portable.dir/src/SexyAppFramework/widget/WidgetContainer.cpp.o
[123/129] Building CXX object CMakeFiles/pvz-portable.dir/src/SexyAppFramework/widget/WidgetManager.cpp.o
[124/129] Building CXX object CMakeFiles/pvz-portable.dir/src/main.cpp.o
[125/129] Building CXX object CMakeFiles/pvz-portable.dir/src/SexyAppFramework/platform/default/Input.cpp.o
[126/129] Linking C static library lib/libSDL2_mixer_ext.a
[127/129] Building CXX object CMakeFiles/pvz-portable.dir/src/SexyAppFramework/platform/default/Window.cpp.o
[128/129] Linking CXX executable pvz-portable
